// Vitest Snapshot v1, https://vitest.dev/guide/snapshot.html

exports[`EmptyCart > should match with the snapshot 1`] = `
<div>
  <header>
    <a
      class="logo"
      href="/"
    >
      Logo
    </a>
    <nav
      class="navbar"
    >
      <a
        class="navbar-link"
        href="/products"
      >
        Products
      </a>
      <a
        class="navbar-link"
        href="/cart"
      >
        Cart(
        0
        )
      </a>
    </nav>
  </header>
  <div>
    <h3>
      Your cart is empty!
    </h3>
    <p>
      Please check our 
      <a
        href="/products"
      >
        products
      </a>
    </p>
  </div>
  <footer>
    <p>
      Total: 
      0.00
       $
    </p>
  </footer>
</div>
`;
